// Jest Snapshot v1, https://goo.gl/fbAQLP

exports[`Admin Profile renders admin profile page unchanged 1`] = `
<div>
  <h1>
    PROFILE
  </h1>
</div>
`;

exports[`Home renders admin profile page unchanged 1`] = `
<div>
  <h1>
    PROFILE
  </h1>
</div>
`;

exports[`Home renders profile page unchanged 1`] = `
<div>
  <h1>
    PROFILE
  </h1>
</div>
`;
