// Jest Snapshot v1, https://goo.gl/fbAQLP

exports[`Index renders index page unchanged 1`] = `
<div>
  <div>
    <main
      class="component"
    >
      <div
        class="main"
      >
        <input
          class="input"
          placeholder="CLAVE*"
          type="text"
        />
        <input
          class="input"
          placeholder="NOMBRE*"
          type="text"
        />
      </div>
    </main>
  </div>
</div>
`;
