// Jest Snapshot v1, https://goo.gl/fbAQLP

exports[`Student Profile renders admin profile page unchanged 1`] = `
<div>
  <div
    class="box"
  >
    <div
      class="dateSize"
    >
      <h1
        class="bi bi-alarm icon"
      >
         
      </h1>
      <span
        class="caption"
      >
         
        Viernes 27 de Mayo - 9:00 AM - 10:00 AM
         
      </span>
    </div>
    <div
      class="subjectSize"
    >
      <h1
        class="bi bi-stack icon"
      >
         
      </h1>
      <span
        class="caption"
      >
         
        Programación Orientada a Objetos
         
      </span>
    </div>
    <div
      class="studentSize"
    >
      <h1
        class="bi bi-search icon"
      >
         
      </h1>
      <span
        class="caption"
      >
         
        https://itesm.zoom.us/j/5519309007
         
      </span>
    </div>
    <div
      class="locationSize"
    >
      <a
        class="caption2"
        href="https://itesm.zoom.us/j/5519309007"
      >
         
        https://itesm.zoom.us/j/5519309007
         
      </a>
    </div>
    <div
      class="statusSize"
    >
      <button
        class="container pending"
      >
         
        Pendiente
      </button>
    </div>
  </div>
  <div
    class="box"
  >
    <div
      class="dateSize"
    >
      <h1
        class="bi bi-alarm icon"
      >
         
      </h1>
      <span
        class="caption"
      >
         
        Lunes 27 de Marzo - 3:00 PM - 4:00 PM
         
      </span>
    </div>
    <div
      class="subjectSize"
    >
      <h1
        class="bi bi-stack icon"
      >
         
      </h1>
      <span
        class="caption"
      >
         
        Estructuras simbólicas en la imagen, la literatura y la música
         
      </span>
    </div>
    <div
      class="studentSize"
    >
      <h1
        class="bi bi-search icon"
      >
         
      </h1>
      <span
        class="caption"
      >
         
        A1332
         
      </span>
    </div>
    <div
      class="locationSize"
    >
      <span
        class="caption"
      >
         
        A1332
         
      </span>
    </div>
    <div
      class="statusSize"
    >
      <button
        class="container info"
      >
         
        Completada
      </button>
    </div>
  </div>
</div>
`;
