// Jest Snapshot v1, https://goo.gl/fbAQLP

exports[`Student Profile renders admin profile page unchanged 1`] = `
<div>
  <div
    class="content"
  >
    <div
      class="main"
    >
      <input
        class="toggler"
        type="checkbox"
      />
      <div
        class="buttonContainer"
        id="toggle"
      >
        <img
          class="icon"
          src="/icons/gear.svg"
        />
      </div>
      <div
        class="overlay"
        id="overlay"
      >
        <nav
          class="overlayMenu"
        >
          <ul
            class="ul"
          >
            <li
              class="li"
            >
              <a
                class="a"
              >
                Modificar contraseña
              </a>
            </li>
            <li
              class="li"
            >
              <a
                class="a"
              >
                Modificar idioma
              </a>
            </li>
          </ul>
        </nav>
      </div>
    </div>
    <h1>
      Profile
    </h1>
    <div
      class="cardInfo"
    >
      <div
        class="box"
      >
        <div
          class="dateSize"
        >
          <h1
            class="bi bi-alarm icon"
          >
             
          </h1>
          <span
            class="caption"
          >
             
            Lunes 27 de Marzo - 3:00 PM - 4:00 PM
             
          </span>
        </div>
        <div
          class="subjectSize"
        >
          <h1
            class="bi bi-stack icon"
          >
             
          </h1>
          <span
            class="caption"
          >
             
            Estructuras simbólicas en la imagen, la literatura y la música
             
          </span>
        </div>
        <div
          class="studentSize"
        >
          <h1
            class="bi bi-person-circle icon"
          >
             
          </h1>
          <span
            class="caption"
          >
             
            Karen Rugerio Armenta
             
          </span>
        </div>
        <div
          class="locationSize"
        >
          <a
            class="caption2"
            href="https://itesm.zoom.us/j/5519309007"
          >
             
            https://itesm.zoom.us/j/5519309007
             
          </a>
        </div>
        <div
          class="statusSize"
        >
          <button
            class="container pending"
          >
             
            Pendiente
          </button>
        </div>
      </div>
      <div
        class="box"
      >
        <div
          class="dateSize"
        >
          <h1
            class="bi bi-alarm icon"
          >
             
          </h1>
          <span
            class="caption"
          >
             
            Lunes 27 de Marzo - 3:00 PM - 4:00 PM
             
          </span>
        </div>
        <div
          class="subjectSize"
        >
          <h1
            class="bi bi-stack icon"
          >
             
          </h1>
          <span
            class="caption"
          >
             
            Estructuras simbólicas en la imagen, la literatura y la música
             
          </span>
        </div>
        <div
          class="studentSize"
        >
          <h1
            class="bi bi-person-circle icon"
          >
             
          </h1>
          <span
            class="caption"
          >
             
            Karen Rugerio Armenta
             
          </span>
        </div>
        <div
          class="locationSize"
        >
          <a
            class="caption2"
            href="https://itesm.zoom.us/j/5519309007"
          >
             
            https://itesm.zoom.us/j/5519309007
             
          </a>
        </div>
        <div
          class="statusSize"
        >
          <button
            class="container pending"
          >
             
            Pendiente
          </button>
        </div>
      </div>
      <div
        class="box"
      >
        <div
          class="dateSize"
        >
          <h1
            class="bi bi-alarm icon"
          >
             
          </h1>
          <span
            class="caption"
          >
             
            Lunes 27 de Marzo - 3:00 PM - 4:00 PM
             
          </span>
        </div>
        <div
          class="subjectSize"
        >
          <h1
            class="bi bi-stack icon"
          >
             
          </h1>
          <span
            class="caption"
          >
             
            Estructuras simbólicas en la imagen, la literatura y la música
             
          </span>
        </div>
        <div
          class="studentSize"
        >
          <h1
            class="bi bi-person-circle icon"
          >
             
          </h1>
          <span
            class="caption"
          >
             
            Karen Rugerio Armenta
             
          </span>
        </div>
        <div
          class="locationSize"
        >
          <a
            class="caption2"
            href="https://itesm.zoom.us/j/5519309007"
          >
             
            https://itesm.zoom.us/j/5519309007
             
          </a>
        </div>
        <div
          class="statusSize"
        >
          <button
            class="container pending"
          >
             
            Pendiente
          </button>
        </div>
      </div>
    </div>
  </div>
</div>
`;
