// Jest Snapshot v1, https://goo.gl/fbAQLP

exports[`Student Register Confirmation renders student register confirmation unchanged 1`] = `
<div>
  <div
    class="container"
  >
    <div
      class="background"
    >
      <div
        class="containerPopup"
      >
        <div
          class="logo"
        >
          <span
            style="box-sizing: border-box; display: inline-block; overflow: hidden; width: 100px; height: 33px; background: none; opacity: 1; border: 0px; margin: 0px; padding: 0px; position: relative;"
          >
            <img
              alt="logo"
              data-nimg="fixed"
              decoding="async"
              src="/_next/image?url=%2Fimages%2Flogo.png&w=256&q=75"
              srcset="/_next/image?url=%2Fimages%2Flogo.png&w=128&q=75 1x, /_next/image?url=%2Fimages%2Flogo.png&w=256&q=75 2x"
              style="position: absolute; top: 0px; left: 0px; bottom: 0px; right: 0px; box-sizing: border-box; padding: 0px; margin: auto; display: block; width: 0px; height: 0px; min-width: 100%; max-width: 100%; min-height: 100%; max-height: 100%;"
            />
          </span>
        </div>
        <h2
          class="title"
        >
           ¡Registro completado! 
        </h2>
        <p
          class="paragraph"
        >
          Recibirás un correo cuando sea aprobado tu perfil
        </p>
        <div
          class="icon"
        >
          <i
            class="bi bi-calendar-check"
          />
        </div>
        <a
          class="linkStyle"
          href="/student/login"
        >
          Regresar a página de inicio
        </a>
      </div>
    </div>
  </div>
</div>
`;
