// Jest Snapshot v1, https://goo.gl/fbAQLP

exports[`Student Register Confirmation renders student register confirmation unchanged 1`] = `
<div>
  <div
    class="container"
  >
    <div
      class="background"
    >
      <div
        class="mask overlay"
      >
        <div
          class="dialog modal"
        >
          <div
            class="header"
          >
            <div
              class="headerIcons"
            >
              <div
                class="logo"
              >
                <span
                  style="box-sizing: border-box; display: inline-block; overflow: hidden; width: 100px; height: 33px; background: none; opacity: 1; border: 0px; margin: 0px; padding: 0px; position: relative;"
                >
                  <img
                    alt="logo"
                    data-nimg="fixed"
                    decoding="async"
                    src="/_next/image?url=%2Fimages%2Flogo.png&w=256&q=75"
                    srcset="/_next/image?url=%2Fimages%2Flogo.png&w=128&q=75 1x, /_next/image?url=%2Fimages%2Flogo.png&w=256&q=75 2x"
                    style="position: absolute; top: 0px; left: 0px; bottom: 0px; right: 0px; box-sizing: border-box; padding: 0px; margin: auto; display: block; width: 0px; height: 0px; min-width: 100%; max-width: 100%; min-height: 100%; max-height: 100%;"
                  />
                </span>
              </div>
            </div>
            <h2
              class="title"
            >
              Registration completed
            </h2>
          </div>
          <div
            class="body"
          >
            <p
              class="paragraph"
            >
              You will receive an email
            </p>
            <div
              class="icon"
            >
              <i
                class="bi bi-calendar-check"
              />
            </div>
            <a
              class="linkStyle"
              href="/student/login"
            >
              Return to home page
            </a>
          </div>
        </div>
      </div>
    </div>
  </div>
</div>
`;
