// Jest Snapshot v1, https://goo.gl/fbAQLP

exports[`Tutor Forgot Password renders tutor forgot password page unchanged 1`] = `
<div>
  <div
    class="container"
  >
    <div
      class="mask overlay"
    >
      <div
        class="dialog modal"
      >
        <div
          class="header"
        >
          <div
            class="headerIcons"
          >
            <div
              class="logo"
            >
              <span
                style="box-sizing: border-box; display: inline-block; overflow: hidden; width: 100px; height: 33px; background: none; opacity: 1; border: 0px; margin: 0px; padding: 0px; position: relative;"
              >
                <img
                  alt="logo"
                  data-nimg="fixed"
                  decoding="async"
                  src="/_next/image?url=%2Fimages%2Flogo.png&w=256&q=75"
                  srcset="/_next/image?url=%2Fimages%2Flogo.png&w=128&q=75 1x, /_next/image?url=%2Fimages%2Flogo.png&w=256&q=75 2x"
                  style="position: absolute; top: 0px; left: 0px; bottom: 0px; right: 0px; box-sizing: border-box; padding: 0px; margin: auto; display: block; width: 0px; height: 0px; min-width: 100%; max-width: 100%; min-height: 100%; max-height: 100%;"
                />
              </span>
            </div>
          </div>
          <h2
            class="title"
          >
            Recuperación de contraseña
          </h2>
          <div
            class="horizontalLine"
          />
        </div>
        <div
          class="body"
        >
          <form
            class="form"
          >
            <div
              class="input"
            >
              <span
                class="text"
              >
                Ingresa tu correo institucional
              </span>
              <input
                class="textInput"
                id="email"
                name="email"
                placeholder="A0XXXXXXX@tec.mx"
                value=""
              />
            </div>
            <div
              class="button"
            >
              <button
                class="container button primary"
                disabled=""
                type="submit"
              >
                RECUPERAR CONTRASEÑA
              </button>
            </div>
          </form>
          <div
            class="links"
          >
            <a
              href="/tutor/login"
            >
              Login
            </a>
            <a
              href="/tutor/registration"
            >
              Registro
            </a>
          </div>
          <div
            style="position: fixed; z-index: 9999; top: 16px; left: 16px; right: 16px; bottom: 16px; pointer-events: none;"
          />
        </div>
      </div>
    </div>
  </div>
</div>
`;
