// Jest Snapshot v1, https://goo.gl/fbAQLP

exports[`Tutor Home Profile renders tutor home  page unchanged 1`] = `
<div>
  <div
    class="cards"
  >
    <div
      class="card"
    >
      <div
        class="box"
        href="/tutor/profile"
        role="button"
      >
        <img
          class="image"
          src="/images/profileTutor.jpg"
        />
        <p
          class="description"
        >
           
          Profile
           
        </p>
      </div>
    </div>
    <div
      class="card"
    >
      <div
        class="box"
        href="/tutor/assigned-tutorings"
        role="button"
      >
        <img
          class="image"
          src="/images/history.jpeg"
        />
        <p
          class="description"
        >
           
          Assigned tutorings
           
        </p>
      </div>
    </div>
  </div>
</div>
`;
